
> vector-trifid@1.0.0 build
> vite build

[36mvite v7.3.0 [32mbuilding client environment for production...[36m[39m
transforming...
[32m??[39m 5 modules transformed.
node.exe : [31m??[39
m Build failed in 70m
s
위치 C:\Program Files\n
odejs\npm.ps1:29 문자:3
+   & $NODE_EXE $NPM_
CLI_JS $args
+   ~~~~~~~~~~~~~~~~~
~~~~~~~~~~~~
    + CategoryInfo   
           : NotSpe  
  cified: ([31m??   
 [39m Build faile    
d in 70ms:String    )
 [], RemoteExce    pt
ion
    + FullyQualified 
   ErrorId : Native  
  CommandError
 
[31merror during bui
ld:
[31msrc/data.js (645
:16): Identifier "get
OpponentStats" has al
ready been declared[
31m
file: [36mC:/Users/h
jjeon/.gemini/antigra
vity/playground/vecto
r-trifid/src/data.js:
645:16[31m
[33m
643: }
644: 
645: export function 
getOpponentStats(seas
onFilter, matchTypeFi
lter) {
                     
^
646:     const stats 
= {};
647:     const now = 
new Date();
[31m
    at getRollupError
 (file:///C:/Users/hj
jeon/.gemini/antigrav
ity/playground/vector
-trifid/node_modules/
rollup/dist/es/shared
/parseAst.js:401:41)
    at error (file://
/C:/Users/hjjeon/.gem
ini/antigravity/playg
round/vector-trifid/n
ode_modules/rollup/di
st/es/shared/parseAst
.js:397:42)
    at Module.error (
file:///C:/Users/hjje
on/.gemini/antigravit
y/playground/vector-t
rifid/node_modules/ro
llup/dist/es/shared/n
ode-entry.js:17022:16
)
    at ModuleScope.ad
dDeclaration (file://
/C:/Users/hjjeon/.gem
ini/antigravity/playg
round/vector-trifid/n
ode_modules/rollup/di
st/es/shared/node-ent
ry.js:5589:21)
    at ModuleScope.ad
dDeclaration (file://
/C:/Users/hjjeon/.gem
ini/antigravity/playg
round/vector-trifid/n
ode_modules/rollup/di
st/es/shared/node-ent
ry.js:15120:22)
    at Identifier.dec
lare (file:///C:/User
s/hjjeon/.gemini/anti
gravity/playground/ve
ctor-trifid/node_modu
les/rollup/dist/es/sh
ared/node-entry.js:54
74:35)
    at FunctionDeclar
ation.initialise (fil
e:///C:/Users/hjjeon/
.gemini/antigravity/p
layground/vector-trif
id/node_modules/rollu
p/dist/es/shared/node
-entry.js:6904:18)
    at FunctionDeclar
ation.initialise (fil
e:///C:/Users/hjjeon/
.gemini/antigravity/p
layground/vector-trif
id/node_modules/rollu
p/dist/es/shared/node
-entry.js:6922:15)
    at convertNode (f
ile:///C:/Users/hjjeo
n/.gemini/antigravity
/playground/vector-tr
ifid/node_modules/rol
lup/dist/es/shared/no
de-entry.js:16418:10)
    at Array.exportNa
medDeclaration (file:
///C:/Users/hjjeon/.g
emini/antigravity/pla
yground/vector-trifid
/node_modules/rollup/
dist/es/shared/node-e
ntry.js:16017:48)[39
m
